­ƒÜÇ Starting Deep Backend Audit...
­ƒæë Requesting Get Settings...
Ô£à [PASS] Get Settings (68ms)
­ƒæë Requesting Get Patterns...
Ô£à [PASS] Get Patterns (19ms)
­ƒæë Requesting Get Models...
Ô£à [PASS] Get Models (53ms)
­ƒæë Requesting Get Sessions...
Ô£à [PASS] Get Sessions (6ms)
­ƒæë Requesting Get Portfolio...
Ô£à [PASS] Get Portfolio (4ms)
­ƒæë Requesting Get News...
node : ÔØî [FAIL] Get 
News (2ms) - Status: 
404
Au caractère Ligne:1 
: 1
+ node master_test_bac
kend.js > 
test_output.txt 2>&1
+ ~~~~~~~~~~~~~~~~~~~~
~~~~~~~~~~~~~~~~~~~~~~
~~~~~~~~
    + CategoryInfo    
          : NotSpeci  
  fied: (ÔØî [FAIL]   
  Get News (2ms) -    
 Status: 404:Stri    
ng) [], RemoteExc    
eption
    + FullyQualifiedE 
   rrorId : NativeCo  
  mmandError
 
­ƒæë Requesting Get Ticker (BTC)...
ÔØî [FAIL] Get Ticker 
(BTC) (1ms) - Status: 
404
­ƒæë Requesting Get Google Status...
Ô£à [PASS] Get Google Status (1ms)

Testing Chat Endpoint (Mock)...
­ƒæë Requesting Chat POST...
ÔØî [FAIL] Chat POST 
(264ms) - Status: 500

­ƒÅü Audit Complete.
